src/assets/data.tsx(1,21): error TS6133: 'Book' is declared but its value is never read.
src/assets/data.tsx(1,27): error TS6133: 'Dumbbell' is declared but its value is never read.
src/assets/data.tsx(2,58): error TS6133: 'SiVuedotjs' is declared but its value is never read.
src/components/animated-ui/AnimatedSkillsBox.tsx(6,26): error TS2551: Property 'skills' does not exist on type '{ name: string; alias: string; title: string; image: string; kills: { name: string; children: Element; className: string; }[]; about_me: { head: string; snapshot: { label: string; value: string; }[]; hobbies: { ...; }[]; other: string; }; ... 4 more ...; certifications: ({ ...; } | { ...; })[]; }'. Did you mean 'kills'?
src/components/animated-ui/AnimatedSkillsBox.tsx(16,15): error TS2551: Property 'skills' does not exist on type '{ name: string; alias: string; title: string; image: string; kills: { name: string; children: Element; className: string; }[]; about_me: { head: string; snapshot: { label: string; value: string; }[]; hobbies: { ...; }[]; other: string; }; ... 4 more ...; certifications: ({ ...; } | { ...; })[]; }'. Did you mean 'kills'?
src/components/animated-ui/AnimatedSkillsBox.tsx(16,27): error TS7006: Parameter 'skill' implicitly has an 'any' type.
src/components/animated-ui/AnimatedSkillsBox.tsx(16,34): error TS7006: Parameter 'i' implicitly has an 'any' type.
src/components/MobileColumn.tsx(91,31): error TS2322: Type '{ project: string; description: string; skills: string[]; }[]' is not assignable to type 'FreelanceJob[]'.
  Property 'duration' is missing in type '{ project: string; description: string; skills: string[]; }' but required in type 'FreelanceJob'.
src/components/VentoGrid.tsx(114,34): error TS2322: Type '{ project: string; description: string; skills: string[]; }[]' is not assignable to type 'FreelanceJob[]'.
  Property 'duration' is missing in type '{ project: string; description: string; skills: string[]; }' but required in type 'FreelanceJob'.
